
Successfully installed numpy-2.5.3 scipy-1.18.1
PULL_FEEDS SELFTEST PASS — 39 checks (generators, round-trips, monotone refusal, vig bands, arity)
  MLB: 4 games, 4 moneylines, 52 total rungs, 41 F5 rungs
  MMA: 14 bouts
  WNBA: 3 markets
  WNBA: 153 alternate-total rungs
  CFL: 4 markets
  CFL: 0 alternate-total rungs
  BOX: 6 markets
  SOC: 5 soccer competition(s) LIVE and NOT pulled — soccer_australia_aleague (A-League); soccer_germany_bundesliga_women (Frauen-Bundesliga); soccer_league_of_ireland (League of Ireland); soccer_switzerland_superleague (Swiss Superleague); soccer_uefa_champs_league_women (UEFA Champions League Women)
  SOC: 14 out-of-season soccer key(s) not pulled — a qualifying round lives under its parent key, so check these before saying a competition is dark: soccer_africa_cup_of_nations; soccer_concacaf_gold_cup; soccer_conmebol_copa_america; soccer_fa_cup; soccer_fifa_club_world_cup; soccer_fifa_world_cup; soccer_fifa_world_cup_qualifiers_europe; soccer_fifa_world_cup_qualifiers_south_america; soccer_fifa_world_cup_winner; soccer_fifa_world_cup_womens; soccer_france_coupe_de_france; soccer_spain_copa_del_rey; soccer_uefa_euro_qualification; soccer_uefa_european_championship
  SOC soccer_uefa_champs_league_qualification: 0 fixtures — queried, 0 event(s) returned, none priced by fanduel
  SOC soccer_netherlands_eredivisie: 0 fixtures — queried, 9 event(s) returned, none priced by fanduel
  SOC soccer_portugal_primeira_liga: 9 fixtures
  SOC soccer_turkey_super_league: 9 fixtures
  SOC soccer_greece_super_league: 7 fixtures
  SOC soccer_sweden_allsvenskan: 8 fixtures
  SOC soccer_finland_veikkausliiga: 6 fixtures
  SOC soccer_norway_eliteserien: 8 fixtures
  SOC soccer_china_superleague: 0 fixtures — queried, 0 event(s) returned, none priced by fanduel
  SOC soccer_usa_mls: 18 fixtures
  SOCT soccer_usa_mls: 8 goal-total rungs
  SOC soccer_brazil_campeonato: 12 fixtures
  SOC soccer_mexico_ligamx: 9 fixtures
  SOC soccer_concacaf_leagues_cup: 0 fixtures — queried, 0 event(s) returned, none priced by fanduel
  SOC soccer_conmebol_copa_libertadores: 0 fixtures — queried, 1 event(s) returned, none priced by fanduel
  SOC soccer_conmebol_copa_sudamericana: 0 fixtures — queried, 1 event(s) returned, none priced by fanduel
  SOC soccer_argentina_primera_division: 30 fixtures
  SOC soccer_brazil_serie_b: 10 fixtures
  SOC soccer_chile_campeonato: 9 fixtures
  SOC soccer_epl: 10 fixtures
  SOC soccer_spain_la_liga: 10 fixtures
  SOC soccer_italy_serie_a: 10 fixtures
  SOC soccer_germany_bundesliga: 9 fixtures
  SOC soccer_france_ligue_one: 9 fixtures
  SOC soccer_efl_champ: 12 fixtures
  SOC soccer_england_league1: 0 fixtures — queried, 22 event(s) returned, none priced by fanduel
  SOC soccer_england_league2: 0 fixtures — queried, 11 event(s) returned, none priced by fanduel
  SOC soccer_england_efl_cup: 0 fixtures — queried, 0 event(s) returned, none priced by fanduel
  SOC soccer_germany_bundesliga2: 9 fixtures
  SOC soccer_germany_liga3: 0 fixtures — queried, 15 event(s) returned, none priced by fanduel
  SOC soccer_germany_dfb_pokal: 0 fixtures — queried, 0 event(s) returned, none priced by fanduel
  SOC soccer_italy_serie_b: 10 fixtures
  SOC soccer_italy_coppa_italia: 0 fixtures — queried, 0 event(s) returned, none priced by fanduel
  SOC soccer_spain_segunda_division: 11 fixtures
  SOC soccer_france_ligue_two: 9 fixtures
  SOC soccer_austria_bundesliga: 5 fixtures
  SOC soccer_belgium_first_div: 0 fixtures — queried, 9 event(s) returned, none priced by fanduel
  SOC soccer_denmark_superliga: 6 fixtures
  SOC soccer_japan_j_league: 0 fixtures — queried, 0 event(s) returned, none priced by fanduel
  SOC soccer_korea_kleague1: 0 fixtures — queried, 0 event(s) returned, none priced by fanduel
  SOC soccer_poland_ekstraklasa: 9 fixtures
  SOC soccer_russia_premier_league: 0 fixtures — queried, 8 event(s) returned, none priced by fanduel
  SOC soccer_saudi_arabia_pro_league: 0 fixtures — queried, 0 event(s) returned, none priced by fanduel
  SOC soccer_spl: 0 fixtures — queried, 6 event(s) returned, none priced by fanduel
  SOC soccer_sweden_superettan: 7 fixtures
  SOC soccer_uefa_nations_league: 0 fixtures — queried, 31 event(s) returned, none priced by fanduel
  SOC soccer_uefa_europa_league: 0 fixtures — queried, 0 event(s) returned, none priced by fanduel
  SOC soccer_uefa_europa_conference_league: 0 fixtures — queried, 0 event(s) returned, none priced by fanduel
  SOC soccer_uefa_champs_league: 9 fixtures
  legs representable: ~1380 · API credits remaining 16192
  wrote times.py
  wrote mlbml.py
  wrote totals.py
  wrote f5.py
  wrote mma.py
  wrote other.py
  board selftest: 56/56 checks pass
  board: MLBTool's kprops.json is not readable here -- K lambdas off. Every leg still prices from the market; nothing else is affected.
  board: MLBTool's slate.json is not readable here -- ML model opinions off. Every leg still prices from the market; nothing else is affected.
PASS  the pure hot rule is unchanged by the raw split
PASS  stale slate: the model arm stays off and the raw split with it
PASS  an evening UTC start keeps its ET date
PASS  a post-midnight UTC start belongs to the PREVIOUS ET slate date
PASS  the home side gets p_home (0.675)
PASS  the away side gets 1 - p_home (0.32499999999999996)
PASS  the same matchup on a date the model has no slate for gets NO opinion
PASS  a different day of the same series reads that day's number, not today's
PASS  a trailing digit on the game key is stripped, not treated as a team
PASS  a team not in the matchup gets no opinion
PASS  an unknown club name gets no opinion, not a crash
PASS  --mlagree contract: None abstains, >0.5 keeps, <0.5 vetoes
PASS  and the old expression `(mp or 0) > 0.5` really did veto a None (this is the bug)
PASS  the live MODEL_P is keyed by (date, matchup), never by bare team code
PASS  an eight-hour-old board reads as hours
PASS  a three-day-old board reads as DAYS, not as 72h nobody converts
PASS  and the hour/day switch is at 48h, not at a calendar boundary (46h stays hours, 49h becomes days)
PASS  the K sentinel really does compare as 'in the future' (which is why it has to be excluded, not relied on)
PASS  a pool of finished legs plus one sentinel counts as ZERO live legs
PASS  and one genuinely future leg is enough to make the board live
PASS  _utcnow() emits the same 17-char shape every leg's t carries, so the comparison never needs a parse
PASS  a bare --by date includes fixtures ON that date -- the horizon is the END of the day, not midnight at the start of it
PASS  and the very next morning is outside it
PASS  a leg three months out is excluded, which is the whole point -- it is the heaviest price on the board and the solver wants it
PASS  no --by means no horizon: this is opt-in, not a standing rule
PASS  the K sentinel is OUTSIDE every horizon. A leg whose start is unknown cannot be shown to land inside one, and 'unknown' must not read as 'soon'
PASS  a full UTC stamp is used as given, not padded
PASS  et() carries the date, so two legs on different Saturdays cannot print identically
PASS  and a post-midnight UTC start still prints as the previous ET evening
PASS  ct() is the hour Ryan actually reads -- solve2, daily_report and ceiling print this, not Eastern
PASS  Chicago at Golden State: 7:00 Pacific at Chase Center is 9:00 Central, and the board printed 10:00pm all day
PASS  the two clocks are one hour apart and must never be used interchangeably
PASS  the MAIN total is the balanced rung, not the deepest one posted (U15.5 is a ladder top, and quoting it as 'the total' is the 8/11 post-mortem's own error)
PASS  no rungs -> None, not a crash
PASS  the 8/11 slate's two 10+ adj-total games flag hot (['CHC@WSH', 'COL@ARI', 'PIT@MIA'])
PASS  a model 2.4 runs above the market's main flags hot even under 10 (heat the market has not priced)
PASS  a quiet game does not flag
PASS  a STALE slate flags nothing on the model arms -- four-day-old heat is not tonight's heat
PASS  with no slate at all, a market main of 10+ still flags
  board: fd_k_ladder.txt is EMPTY, so there are no strikeout legs. That is deliberate -- pitcher props are excluded. It is not a failed paste.
  board: 1 shallow soccer OVER rung(s) read 90%+ (worst Over 0.5 goals (NYRB-SLC) at -8000, 98.3%). A 0-0 is 5-9% of matches, so these are the board's most overpriced legs while sorting as its safest. Do not lead a ticket with them.
  board: SOCCER IS A FLOOR, not the schedule (checked 2026-08-13). Not visible here: UEFA Europa League -- NO KEY IN THE CATALOG, qualifying rounds included; UEFA Conference League -- NO KEY IN THE CATALOG, qualifying rounds included; NCAA soccer (men's and women's) -- not carried; club friendlies -- not carried; most women's competitions -- not carried
         also: Copa Libertadores and Copa Sudamericana ARE in the catalog but FanDuel is
         also: absent from the bookmakers list, so they return zero legs and look dark
         also: Saudi Pro League returns fixtures with zero books attached
         recheck: python3 socdiag.py  (runs on the Actions runner, ~90s)
  board: MLB IS A FLOOR, not the schedule (checked 2026-08-13). Not visible here: doubleheader second games -- one game key per day, the nightcap is dropped upstream
         recheck: compare times.py START against the day's schedule
  board: OTHER IS A FLOOR, not the schedule (checked 2026-08-13). Not visible here: NBA, NHL, NFL and college football are out of season in August and carry no key; boxing is pulled but FanDuel rarely prices the undercard
         recheck: python3 socdiag.py lists every catalog key, not only soccer
PASS  no Draw outcome survives into any pool
PASS  every soccer offer is a derived Double Chance, never a 3-way side (270 soccer legs)
PASS  derived DC probabilities are favourite-shaped, not draw-shaped
PASS  the synthesized payout keeps LESS than fair -- the 80% shave is on, so a derived leg can under-promise but never over-promise
  board: fd_k_ladder.txt is EMPTY, so there are no strikeout legs. That is deliberate -- pitcher props are excluded. It is not a failed paste.
  board: 1 shallow soccer OVER rung(s) read 90%+ (worst Over 0.5 goals (NYRB-SLC) at -8000, 98.3%). A 0-0 is 5-9% of matches, so these are the board's most overpriced legs while sorting as its safest. Do not lead a ticket with them.
  board: SOCCER IS A FLOOR, not the schedule (checked 2026-08-13). Not visible here: UEFA Europa League -- NO KEY IN THE CATALOG, qualifying rounds included; UEFA Conference League -- NO KEY IN THE CATALOG, qualifying rounds included; NCAA soccer (men's and women's) -- not carried; club friendlies -- not carried; most women's competitions -- not carried
         also: Copa Libertadores and Copa Sudamericana ARE in the catalog but FanDuel is
         also: absent from the bookmakers list, so they return zero legs and look dark
         also: Saudi Pro League returns fixtures with zero books attached
         recheck: python3 socdiag.py  (runs on the Actions runner, ~90s)
  board: MLB IS A FLOOR, not the schedule (checked 2026-08-13). Not visible here: doubleheader second games -- one game key per day, the nightcap is dropped upstream
         recheck: compare times.py START against the day's schedule
  board: OTHER IS A FLOOR, not the schedule (checked 2026-08-13). Not visible here: NBA, NHL, NFL and college football are out of season in August and carry no key; boxing is pulled but FanDuel rarely prices the undercard
         recheck: python3 socdiag.py lists every catalog key, not only soccer
PASS  EVERY soccer leg names both clubs -- 'San Lorenzo' alone is ten different teams, and on 8/14 the Argentine fixture was checked against a Paraguayan one's price
PASS  a totals leg inherits the fixture from its group's 3-way
PASS  a 99.88% derived DC is outside the sane band -- that exact value (TPS Turku @ -102284, noon 8/14) failed the whole board build
  board: fd_k_ladder.txt is EMPTY, so there are no strikeout legs. That is deliberate -- pitcher props are excluded. It is not a failed paste.
  board: 1 shallow soccer OVER rung(s) read 90%+ (worst Over 0.5 goals (NYRB-SLC) at -8000, 98.3%). A 0-0 is 5-9% of matches, so these are the board's most overpriced legs while sorting as its safest. Do not lead a ticket with them.
  board: SOCCER IS A FLOOR, not the schedule (checked 2026-08-13). Not visible here: UEFA Europa League -- NO KEY IN THE CATALOG, qualifying rounds included; UEFA Conference League -- NO KEY IN THE CATALOG, qualifying rounds included; NCAA soccer (men's and women's) -- not carried; club friendlies -- not carried; most women's competitions -- not carried
         also: Copa Libertadores and Copa Sudamericana ARE in the catalog but FanDuel is
         also: absent from the bookmakers list, so they return zero legs and look dark
         also: Saudi Pro League returns fixtures with zero books attached
         recheck: python3 socdiag.py  (runs on the Actions runner, ~90s)
  board: MLB IS A FLOOR, not the schedule (checked 2026-08-13). Not visible here: doubleheader second games -- one game key per day, the nightcap is dropped upstream
         recheck: compare times.py START against the day's schedule
  board: OTHER IS A FLOOR, not the schedule (checked 2026-08-13). Not visible here: NBA, NHL, NFL and college football are out of season in August and carry no key; boxing is pulled but FanDuel rarely prices the undercard
         recheck: python3 socdiag.py lists every catalog key, not only soccer
PASS  every derived DC that SHIPS is inside the band -- degenerate groups are quarantined and named, not allowed to halt the build
PASS  coverage.json names what the soccer feed cannot see
PASS  and names the two UEFA competitions that have NO catalog key at all -- the gap that produced 'there are five soccer matches today' three times in one morning while FanDuel priced about forty
PASS  a board carrying soccer legs prints its blind spots beside the count
PASS  and a board with no soccer on it is not lectured about soccer
PASS  F5 U10.5 at -4500/+1100 de-vigs to 92.2%, next to the 93.78% that 1817 games actually produced (f5hist.py). 'power' put it at 97.1%, outside the 95% Wilson band and high at every rung
PASS  Philadelphia Union DC derives to 87.7% under POWER. FanDuel's own DC quote de-vigged to 85.3%, but a quote is a SHADED number, not ground truth: 52710 matches with closing odds show mult understating the favourite DC in every reliability bin (sococalib.py)
PASS  and NYCFC to 80.3% -- said-vs-happened error 0.68 points under power against 1.24 under mult, on the leg family actually bet
PASS  the de-vig method rides with the MARKET FAMILY: two-way mult (1817 MLB games), N-way power (52710 soccer matches) -- each pinned to its own ground truth, because the global METHOD of 8/03 was wrong in both directions at once
PASS  METHOD stays the two-way default; changing either family means re-running f5hist AND sococalib first, not editing a constant

56/56 checks pass
PASS  -200 is 1.50x
PASS  +150 is 2.50x
PASS  American round-trips
PASS  mult de-vig sums to 1
PASS  power de-vig sums to 1
PASS  shin de-vig sums to 1
PASS  power favours the heavy favourite over mult (0.9737>0.9363)
PASS  a recorded opposite price is used instead of the assumption
PASS  a prop leg gets the plain margin haircut
PASS  a huge favourite stays below 1
PASS  a slip is the product of its legs
PASS  shared-leg union is exact, not 1-prod(1-p)
PASS  sharing a leg makes at-least-one WORSE than independence implies
PASS  two outcomes of one market cannot both happen
PASS  the conflicting pair is reported
PASS  a nested outcome absorbs its parent instead of multiplying by it
PASS  a strict superset slip is flagged as dominated
PASS  the shared leg's expected kill count is n*(1-p)
PASS  MC matches exact for T1 (22.84% vs 22.83%)
PASS  MC matches exact for T2 (41.65% vs 41.71%)
PASS  MC matches exact for T3 (19.16% vs 19.07%)
PASS  MC matches exact for at-least-one (65.73% vs 65.71%)
PASS  opposite sides of the same fight are exclusive across slips
PASS  the 2026-08-01 16-leg slip still grades 5.19% (got 5.19%)
PASS  and still prices 14.19x (got 14.19x)
PASS  with no same-game labels the band collapses to the point estimate
PASS  and no same-game group is reported
PASS  lower bound is max(0, p1+p2-1) (0.2341)
PASS  upper bound is min(p1,p2) (0.5013)
PASS  the middle value is still the product rule
PASS  and the product sits strictly inside (0.2341 < 0.3674 < 0.5013)
PASS  the same-game group is reported by name
PASS  two sides of one market band to exactly [0,0], not a product
PASS  the grade names the date of the file it read
PASS  and a file older than today is called historical, not graded silently
PASS  a file with no as_of is told to add one rather than passing as current
PASS  and TODAY'S file is not scolded -- the note is earned, not automatic

37/37 checks pass
  board: MLBTool's kprops.json is not readable here -- K lambdas off. Every leg still prices from the market; nothing else is affected.
  board: MLBTool's slate.json is not readable here -- ML model opinions off. Every leg still prices from the market; nothing else is affected.
  board: fd_k_ladder.txt is EMPTY, so there are no strikeout legs. That is deliberate -- pitcher props are excluded. It is not a failed paste.
  board: 1 shallow soccer OVER rung(s) read 90%+ (worst Over 0.5 goals (NYRB-SLC) at -8000, 98.3%). A 0-0 is 5-9% of matches, so these are the board's most overpriced legs while sorting as its safest. Do not lead a ticket with them.
  board: SOCCER IS A FLOOR, not the schedule (checked 2026-08-13). Not visible here: UEFA Europa League -- NO KEY IN THE CATALOG, qualifying rounds included; UEFA Conference League -- NO KEY IN THE CATALOG, qualifying rounds included; NCAA soccer (men's and women's) -- not carried; club friendlies -- not carried; most women's competitions -- not carried
         also: Copa Libertadores and Copa Sudamericana ARE in the catalog but FanDuel is
         also: absent from the bookmakers list, so they return zero legs and look dark
         also: Saudi Pro League returns fixtures with zero books attached
         recheck: python3 socdiag.py  (runs on the Actions runner, ~90s)
  board: MLB IS A FLOOR, not the schedule (checked 2026-08-13). Not visible here: doubleheader second games -- one game key per day, the nightcap is dropped upstream
         recheck: compare times.py START against the day's schedule
  board: OTHER IS A FLOOR, not the schedule (checked 2026-08-13). Not visible here: NBA, NHL, NFL and college football are out of season in August and carry no key; boxing is pulled but FanDuel rarely prices the undercard
         recheck: python3 socdiag.py lists every catalog key, not only soccer
  board: fd_k_ladder.txt is EMPTY, so there are no strikeout legs. That is deliberate -- pitcher props are excluded. It is not a failed paste.
  board: 1 shallow soccer OVER rung(s) read 90%+ (worst Over 0.5 goals (NYRB-SLC) at -8000, 98.3%). A 0-0 is 5-9% of matches, so these are the board's most overpriced legs while sorting as its safest. Do not lead a ticket with them.
  board: SOCCER IS A FLOOR, not the schedule (checked 2026-08-13). Not visible here: UEFA Europa League -- NO KEY IN THE CATALOG, qualifying rounds included; UEFA Conference League -- NO KEY IN THE CATALOG, qualifying rounds included; NCAA soccer (men's and women's) -- not carried; club friendlies -- not carried; most women's competitions -- not carried
         also: Copa Libertadores and Copa Sudamericana ARE in the catalog but FanDuel is
         also: absent from the bookmakers list, so they return zero legs and look dark
         also: Saudi Pro League returns fixtures with zero books attached
         recheck: python3 socdiag.py  (runs on the Actions runner, ~90s)
  board: MLB IS A FLOOR, not the schedule (checked 2026-08-13). Not visible here: doubleheader second games -- one game key per day, the nightcap is dropped upstream
         recheck: compare times.py START against the day's schedule
  board: OTHER IS A FLOOR, not the schedule (checked 2026-08-13). Not visible here: NBA, NHL, NFL and college football are out of season in August and carry no key; boxing is pulled but FanDuel rarely prices the undercard
         recheck: python3 socdiag.py lists every catalog key, not only soccer
wrote BOARD.md
MLB form for 2026-09-30 -- 4 games

  game       away starter            hr9 home starter            hr9  F5 env
  PHI@ATL    Cristopher Sánchez     1.42 Tyler Mahle            1.17     3.8
  CWS@HOU    Sean Burke             0.84 Hunter Brown           0.34     6.0
  BOS@NYY    Sonny Gray             0.30 Max Fried              0.68    3.85
  CHC@SD     Kevin Gausman          2.63 Nick Pivetta           0.83    5.15  << GOPHER

wrote /home/runner/work/parlay/parlay/mlbform.json
  Lyngby                      LDWDLD  ppg 1.0   gf 1.0   ga 1.5   (last 2026-09-18)
  FC Copenhagen               WWWWWL  ppg 2.5   gf 2.17  ga 0.83  (last 2026-09-20)
  FC Midtjylland              DWDWDW  ppg 2.0   gf 1.83  ga 0.83  (last 2026-09-19)
  AGF Aarhus                  DLDLLD  ppg 0.5   gf 1.17  ga 2.0   (last 2026-09-20)  [via Aarhus]
  SonderjyskE                 WDLLLL  ppg 0.67  gf 1.67  ga 2.83  (last 2026-09-20)
  Wieczysta Kraków            DLDLLW  ppg 0.83  gf 1.5   ga 2.17  (last 2026-09-18)
  GKS Katowice                WLLWWL  ppg 1.5   gf 2.0   ga 1.67  (last 2026-09-19)
  Cracovia Kraków             LLLLWW  ppg 1.0   gf 1.5   ga 2.0   (last 2026-09-19)  [via Cracovia]
  Lech Poznań                 WLWWWW  ppg 2.5   gf 2.5   ga 1.0   (last 2026-09-20)
  Górnik Zabrze               DWWWWL  ppg 2.17  gf 1.5   ga 0.83  (last 2026-09-19)
  Jagiellonia Białystok       LLWLWL  ppg 1.0   gf 1.5   ga 2.0   (last 2026-09-20)  [via Jagiellonia]
  Piast Gliwice               LWWWDL  ppg 1.67  gf 2.0   ga 1.17  (last 2026-09-20)
  Korona Kielce               WLWDWD  ppg 1.83  gf 1.5   ga 1.17  (last 2026-09-19)
  Pogoń Szczecin              WWDDDW  ppg 2.0   gf 1.67  ga 0.83  (last 2026-09-20)
  Motor Lublin                DLLLDW  ppg 0.83  gf 0.83  ga 1.33  (last 2026-09-19)
  Radomiak Radom              LLDWDL  ppg 0.83  gf 0.5   ga 2.17  (last 2026-09-20)
  Club Brugge                 WWWLWW  ppg 2.5   gf 2.0   ga 0.5   (last 2026-09-20)
  PSV Eindhoven               LWWWWW  ppg 2.5   gf 3.67  ga 1.33  (last 2026-09-20)

  UNMATCHED OR THIN (150): Amed SK; Erzurum BB; Basaksehir; AEK Athens; Levadiakos; Aris Thessaloniki; Volos FC; PAOK Thessaloniki; HJK Helsinki; KuPS Kuopio; SJK Seinäjoki; TPS Turku; Ilves Tampere; Bodø/Glimt; IK Start; KFUM; Atlanta United FC; D.C. United; LA Galaxy; Atletico Mineiro
  -- unmatched is a statement about the JOIN, not the team. Do not read absence as bad form.
  persisted 656 teams with form into 'all' (334 of them board-joined)
  NAME COLLISIONS across leagues (42): bolton (E1+E2); bromley (E2+E3); burnley (E0+E1); cambridge (E2+E3); cardiff (E1+E2); coventry (E0+E1); cremonese (I1+I2); elversberg (D1+D2); exeter (E2+E3); frosinone (I1+I2); girona (SP1+SP2); heidenheim (D1+D2); hull (E0+E1); ipswich (E0+E1); la coruna (SP1+SP2); le mans (F1+F2); leicester (E1+E2); lincoln (E1+E2); malaga (SP1+SP2); mallorca (SP1+SP2); metz (F1+F2); milton keynes dons (E2+E3); monza (I1+I2); nantes (F1+F2); northampton (E2+E3); notts county (E2+E3); oviedo (SP1+SP2); oxford (E1+E2); paderborn (D1+D2); pisa (I1+I2); port vale (E2+E3); rotherham (E2+E3); santander (SP1+SP2); schalke 04 (D1+D2); sheffield weds (E1+E2); st pauli (D1+D2); troyes (F1+F2); venezia (I1+I2); verona (I1+I2); west ham (E0+E1); wolfsburg (D1+D2); wolves (E0+E1)

  334 matched / 150 not. wrote /home/runner/work/parlay/parlay/socform.json
  board: OTHER IS A FLOOR, not the schedule (checked 2026-08-13). Not visible here: NBA, NHL, NFL and college football are out of season in August and carry no key; boxing is pulled but FanDuel rarely prices the undercard
         recheck: python3 socdiag.py lists every catalog key, not only soccer
  mlblines: 96 pregame leg(s) snapshotted, 1446 row(s) total (96 new)

7/7 checks pass
MLB: 4 games on 2026-09-30
soccer_concacaf_leagues_cup: 0 matches
soccer_usa_mls: 18 matches
soccer_sweden_allsvenskan: 8 matches
soccer_denmark_superliga: 6 matches
soccer_spain_segunda_division: 11 matches
soccer_spain_la_liga: 20 matches
soccer_efl_champ: 12 matches
soccer_portugal_primeira_liga: 9 matches
soccer_argentina_primera_division: 31 matches
soccer_mexico_ligamx: 9 matches
soccer_brazil_campeonato: 22 matches
soccer_conmebol_copa_libertadores: 3 matches
soccer_conmebol_copa_sudamericana: 2 matches
wrote /home/runner/work/parlay/parlay/scores.json
  PHI@ATL    through5=  -  current=  0  inning=1  
run conclusion: success at 2026-09-30 15:29
